// Jest Snapshot v1, https://goo.gl/fbAQLP

exports[`<ImagePlaceholder /> renders properly 1`] = `
.c0 {
  background-color: #48dbfb;
  height: px;
  width: 25vw;
}

<div
  className="c0"
  color="#48dbfb"
  height={undefined}
  width={undefined}
/>
`;
