// Jest Snapshot v1, https://goo.gl/fbAQLP

exports[`<Home /> renders properly 1`] = `
.c3 {
  width: 300px;
  height: 300px;
  border-radius: 2px;
  object-fit: cover;
}

.c1 {
  width: 300px;
  height: 300px;
  position: relative;
  margin: 5px;
  -webkit-transition: 0.1s ease-in-out;
  transition: 0.1s ease-in-out;
  background: #55efc4;
  border-radius: 2px;
}

.c1:hover {
  -webkit-transform: scale(1.05);
  -ms-transform: scale(1.05);
  transform: scale(1.05);
}

.c2 {
  z-index: 1;
  position: absolute;
  right: 14px;
  top: 8px;
  font-size: 2em;
  color: red;
  opacity: 1;
  -webkit-transition: 0.1s ease-in;
  transition: 0.1s ease-in;
  -webkit-user-select: none;
  -moz-user-select: none;
  -ms-user-select: none;
  user-select: none;
}

.c2:hover {
  color: "red";
  cursor: pointer;
}

.c2:active {
  opacity: 1;
  -webkit-transform: scale(1.1);
  -ms-transform: scale(1.1);
  transform: scale(1.1);
}

.c0 {
  display: -webkit-box;
  display: -webkit-flex;
  display: -ms-flexbox;
  display: flex;
  width: 100vw;
  -webkit-flex-wrap: wrap;
  -ms-flex-wrap: wrap;
  flex-wrap: wrap;
  -webkit-box-pack: center;
  -webkit-justify-content: center;
  -ms-flex-pack: center;
  justify-content: center;
}

<div
  className="c0"
>
  <a
    href="/details/1"
    onClick={[Function]}
  >
    <div
      className="c1"
      color="#55efc4"
      height={300}
      width={300}
    >
      <label
        className="c2"
        onClick={[Function]}
      >
        ‚ù§
      </label>
      <img
        className="c3"
        height={300}
        src={undefined}
        width={300}
      />
    </div>
  </a>
</div>
`;
